C51 COMPILER V9.59.0.0   PCF8591                                                           06/20/2019 11:18:58 PAGE 1   


C51 COMPILER V9.59.0.0, COMPILATION OF MODULE PCF8591
OBJECT MODULE PLACED IN .\Objects\PCF8591.obj
COMPILER INVOKED BY: E:\keil V5\C51\BIN\C51.EXE Hardware\PCF8591\PCF8591.c OPTIMIZE(8,SPEED) BROWSE INCDIR(.\Hardware\Ke
                    -y;.\System;.\Hardware\InfraRed;.\Hardware\Secret;.\Hardware\LCD1602;.\Hardware\DS18B20;.\Hardware\DS1302;.\Hardware\IIC;
                    -.\Hardware\PCF8591;.\Hardware\ULN2003) DEBUG OBJECTEXTEND PRINT(.\Listings\PCF8591.lst) TABS(2) OBJECT(.\Objects\PCF8591
                    -.obj)

line level    source

   1          #include "Sys.h"
   2          
   3          uchar AD_Value; //存储AD转换回的数字量
   4          
   5          /*DAC输出*/
   6          bit DAC_OUT(uchar DAT)
   7          {
   8   1        I2C_Start();
   9   1        I2C_send_byte(PCF8591_ADDR+0);
  10   1        if (!Test_ACK())
  11   1        {
  12   2          return(0);
  13   2        }
  14   1        I2C_send_byte(DACOUT_EN); //DA输出使能 
  15   1        if (!Test_ACK())
  16   1        {
  17   2          return(0);
  18   2        }
  19   1        I2C_send_byte(DAT);
  20   1        if (!Test_ACK())
  21   1        {
  22   2          return(0);
  23   2        }
  24   1        I2C_Stop();
  25   1        return(1);  
  26   1      }
  27          
  28          /*读AD数据*/
  29          bit ADC_Read(uchar CON)
  30          {
  31   1        I2C_Start();
  32   1        I2C_send_byte(PCF8591_ADDR+0);
  33   1        if (!Test_ACK())
  34   1        {
  35   2          return(0);
  36   2        }
  37   1        I2C_send_byte(CON);
  38   1        Master_ACK(0);
  39   1        I2C_Start();
  40   1        I2C_send_byte(PCF8591_ADDR+1);
  41   1        if (!Test_ACK())
  42   1        {
  43   2          return(0);
  44   2        }
  45   1        AD_Value = I2C_read_byte();
  46   1        Master_ACK(0);
  47   1        I2C_Stop();
  48   1        return(1);  
  49   1      }


MODULE INFORMATION:   STATIC OVERLAYABLE
C51 COMPILER V9.59.0.0   PCF8591                                                           06/20/2019 11:18:58 PAGE 2   

   CODE SIZE        =     98    ----
   CONSTANT SIZE    =   ----    ----
   XDATA SIZE       =   ----    ----
   PDATA SIZE       =   ----    ----
   DATA SIZE        =      1       2
   IDATA SIZE       =   ----    ----
   BIT SIZE         =   ----    ----
END OF MODULE INFORMATION.


C51 COMPILATION COMPLETE.  0 WARNING(S),  0 ERROR(S)
