C51 COMPILER V9.59.0.0   SECRET                                                            06/20/2019 13:29:32 PAGE 1   


C51 COMPILER V9.59.0.0, COMPILATION OF MODULE SECRET
OBJECT MODULE PLACED IN .\Objects\Secret.obj
COMPILER INVOKED BY: E:\keil V5\C51\BIN\C51.EXE Hardware\Secret\Secret.c OPTIMIZE(8,SPEED) BROWSE INCDIR(.\Hardware\Key;
                    -.\System;.\Hardware\InfraRed;.\Hardware\Secret;.\Hardware\LCD1602;.\Hardware\DS18B20;.\Hardware\DS1302;.\Hardware\IIC;.\
                    -Hardware\PCF8591;.\Hardware\ULN2003) DEBUG OBJECTEXTEND PRINT(.\Listings\Secret.lst) TABS(2) OBJECT(.\Objects\Secret.obj
                    -)

line level    source

   1          #include "Sys.h"
   2          #include <string.h>
   3          
   4          
   5          uchar password_original[5]={1,2,3,4,5};//‘≠√‹¬Î
   6          uchar temp_password[5]={0,0,0,0,0};
   7          
   8          
   9          uchar chance=3;
  10          uchar Lock=LockOn;
  11          uint Beeptime;
  12          
  13          extern uchar choosemode;
  14          
  15          void KeyAction()
  16          {
  17   1        uchar Input=22;
  18   1        static uchar keyWei=0;
  19   1        
  20   1        Input=KeyScan();
  21   1        
  22   1        if(Input!=22&&keyWei<5&&Input!=16&&Input!=17&&Input!=18&&Input!=19)
  23   1        {
  24   2          
  25   2          temp_password[keyWei]=Input;
  26   2          DisplayOneChar(6+keyWei,1,'*');
  27   2          keyWei++;
  28   2        }
  29   1        if(Input==16)
  30   1        {
  31   2          keyWei=0;
  32   2          if(make_sure()==0)
  33   2          {
  34   3            LcdShowStr(6,1,"     ");
  35   3            chance--;
  36   3            Beeptime=0;
  37   3          }
  38   2          else
  39   2          {
  40   3            keyWei=0;
  41   3            choosemode=1;
  42   3            chance=3;
  43   3            Lock=LockOff;
  44   3          }
  45   2        }
  46   1        if(Input==17)
  47   1        {
  48   2          uchar i=0;
  49   2          keyWei=0;
  50   2          Lcd1602_Write_Cmd(0x80);
  51   2          for(i=0;i<5;i++)
  52   2          {
C51 COMPILER V9.59.0.0   SECRET                                                            06/20/2019 13:29:32 PAGE 2   

  53   3            LcdShowStr(6,1,"     ");
  54   3            temp_password[i]=0;
  55   3          }
  56   2        }
  57   1        
  58   1      }
  59          
  60          int make_sure()
  61          {
  62   1        unsigned char i=0;
  63   1        for(i;i<5;i++)
  64   1        {
  65   2          if(temp_password[i]!=password_original[i])
  66   2          {
  67   3            return 0;
  68   3          }
  69   2        }
  70   1        return 1;
  71   1      }
  72          
  73          uchar changesecret()
  74          {
  75   1        uchar Input=22;
  76   1        static uchar keyWei=0;
  77   1        
  78   1        Input=KeyScan();
  79   1        if(Input!=22&&keyWei<5&&Input!=16&&Input!=17&&Input!=18&&Input!=19)
  80   1        {
  81   2          
  82   2          temp_password[keyWei]=Input;
  83   2          DisplayOneChar(11+keyWei,1,Input+'0');
  84   2          keyWei++;
  85   2        }
  86   1        if(Input==16&&keyWei==5)
  87   1        {
  88   2          uchar i;
  89   2          keyWei=0;
  90   2          strcpy(password_original,temp_password);
  91   2          for(i=0;i<5;i++)
  92   2          {
  93   3            temp_password[i]=0;
  94   3          }
  95   2          Lcd1602_Write_Cmd(0x01);
  96   2          for(i=1;i<6;i++)
  97   2          {
  98   3            I2C_TransmitData(i,password_original[i-1]);
  99   3            Delayms(5);
 100   3          }
 101   2          LcdShowStr(0,0,"Changed.");
 102   2          Delayms(3000);
 103   2          Lcd1602_Write_Cmd(0x01);
 104   2          choosemode=1;
 105   2          return 1;
 106   2        }
 107   1        if(Input==17)
 108   1        {
 109   2          uchar i=0;
 110   2          keyWei=0;
 111   2          Lcd1602_Write_Cmd(0x01);
 112   2          for(i=0;i<5;i++)
 113   2          {
 114   3            temp_password[i]=0;
C51 COMPILER V9.59.0.0   SECRET                                                            06/20/2019 13:29:32 PAGE 3   

 115   3          }
 116   2        }
 117   1        return 0;
 118   1      }


MODULE INFORMATION:   STATIC OVERLAYABLE
   CODE SIZE        =    441    ----
   CONSTANT SIZE    =     15    ----
   XDATA SIZE       =   ----    ----
   PDATA SIZE       =   ----    ----
   DATA SIZE        =     16       4
   IDATA SIZE       =   ----    ----
   BIT SIZE         =   ----    ----
END OF MODULE INFORMATION.


C51 COMPILATION COMPLETE.  0 WARNING(S),  0 ERROR(S)
