C51 COMPILER V9.59.0.0   SYS                                                               06/28/2019 08:52:57 PAGE 1   


C51 COMPILER V9.59.0.0, COMPILATION OF MODULE SYS
OBJECT MODULE PLACED IN .\Objects\Sys.obj
COMPILER INVOKED BY: E:\keil V5\C51\BIN\C51.EXE System\Sys.c OPTIMIZE(8,SPEED) BROWSE INCDIR(.\Hardware\Key;.\System;.\H
                    -ardware\InfraRed;.\Hardware\Secret;.\Hardware\LCD1602;.\Hardware\DS18B20;.\Hardware\DS1302;.\Hardware\IIC;.\Hardware\PCF
                    -8591;.\Hardware\ULN2003) DEBUG OBJECTEXTEND PRINT(.\Listings\Sys.lst) TABS(2) OBJECT(.\Objects\Sys.obj)

line level    source

   1          #include "Sys.h"
   2          


MODULE INFORMATION:   STATIC OVERLAYABLE
   CODE SIZE        =   ----    ----
   CONSTANT SIZE    =   ----    ----
   XDATA SIZE       =   ----    ----
   PDATA SIZE       =   ----    ----
   DATA SIZE        =   ----    ----
   IDATA SIZE       =   ----    ----
   BIT SIZE         =   ----    ----
END OF MODULE INFORMATION.


C51 COMPILATION COMPLETE.  0 WARNING(S),  0 ERROR(S)
